// Jest Snapshot v1, https://goo.gl/fbAQLP

exports[`enrolment flow should create a user when necessary 1`] = `
<?xml version="1.0" encoding="UTF-8"?>
<Response>
    <Say language="en-GB" voice="Polly.Emma-Neural">
        enrol-message
    </Say>
    <Pause length="1"/>
    <Say language="en-GB" voice="Polly.Emma-Neural">
        tomorrow-phrase
    </Say>
    <Record action="./enrol/Tomorrow" method="POST" finishOnKey="#" playBeep="true" maxLength="5"/>
</Response>
`;
